| name        | type         | comments    |
|-------------|--------------|-------------|
| name        | String       |             |
| productUuid | Int          | no comments |
| ez          | List<String> | a           |

